Using 7 CPU cores on this node.
/home/s230047/Downloads/VisionForecaster
Using virtualenv: /home/s230047/.cache/pypoetry/virtualenvs/transformer-D-LRPITk-py3.13

  ⚙️  --all flag detected: Generated 12 cross-scale presets from [35, 70, 120, 180]

####################################################################
  CROSS-SCALE GBDT  A_[35] -> A_w70
  Model: lightgbm  |  first_lag=28  |  reg_alpha=0.1  |  Max Window=120w  |  Parallel Folds=1  |  GBDT Threads=1
  Objective: F2 Early Stopping (patience=150)  |  LR=0.1  |  Max Trees=2000
  Features: Source+Neck (12/src) + Target (6) = 19 total
####################################################################
  Loading IQDw35.pkl ... done  weekly=(315, 457, 457)
  Loading IQDw70.pkl ... done  weekly=(315, 457, 457)
    -> Strict Rolling: 10 folds, Fixed Window=113w (100% data utilized)

  Temporal CV: 10 folds (Rolling Window=120 weeks)
  Dispatching 1 workers...
~~~~~~~~~~~~~~~~~~~~~~~~~~~~~~~~~~~~~~~~~~~~~~~~~~~~~~~~~~~~~~~~~~~~~~~~~~~~~~~~~~~~~~~~~~
			Resource Usage on 2026-04-23 15:24:20.068751:
~~~~~~~~~~~~~~~~~~~~~~~~~~~~~~~~~~~~~~~~~~~~~~~~~~~~~~~~~~~~~~~~~~~~~~~~~~~~~~~~~~~~~~~~~~
	JobId: 3278882.hpc-pbs-sched1
	Project: as_spms_cheongsa
	Exit Status: 1
~~~~~~~~~~~~~~~~~~~~~~~~~~~~~~~~~~~~~~~~~~~~~~~~~~~~~~~~~~~~~~~~~~~~~~~~~~~~~~~~~~~~~~~~~~
	NCPUs: Requested(7), Used(7)
	CPU Time Used: 00:04:01
	Memory: Requested(500gb), Used(3673988kb)
	Vmem Used: 10112108kb
	Walltime: Requested(72:00:00), Used(00:03:32)
~~~~~~~~~~~~~~~~~~~~~~~~~~~~~~~~~~~~~~~~~~~~~~~~~~~~~~~~~~~~~~~~~~~~~~~~~~~~~~~~~~~~~~~~~~
	Execution Nodes Used: (hpc-wfly-i014:ncpus=7:mem=524288000kb)
~~~~~~~~~~~~~~~~~~~~~~~~~~~~~~~~~~~~~~~~~~~~~~~~~~~~~~~~~~~~~~~~~~~~~~~~~~~~~~~~~~~~~~~~~~
	No GPU-related information available for this job.
