pyenv: shell integration not enabled. Run `pyenv init' for instructions.
Traceback (most recent call last):
  File "/home/s230047/Downloads/VisionForecaster/train_cross_scale.py", line 749, in <module>
    main()
    ~~~~^^
  File "/home/s230047/Downloads/VisionForecaster/train_cross_scale.py", line 721, in main
    results = run_training(
        source_ws=src_ws, target_w=tgt_w, pkldir=args.pkldir, model_type=args.model_type,
    ...<6 lines>...
        parallel_folds=args.parallel_folds, gbdt_n_jobs=args.gbdt_n_jobs, max_window_size=args.max_window_size,
    )
  File "/home/s230047/Downloads/VisionForecaster/train_cross_scale.py", line 611, in run_training
    fold_results_list = Parallel(n_jobs=parallel_n, backend="loky")(delayed(_run_single_fold)(item) for item in enumerate(folds))
  File "/home/s230047/.cache/pypoetry/virtualenvs/transformer-D-LRPITk-py3.13/lib/python3.13/site-packages/joblib/parallel.py", line 1986, in __call__
    return output if self.return_generator else list(output)
                                                ~~~~^^^^^^^^
  File "/home/s230047/.cache/pypoetry/virtualenvs/transformer-D-LRPITk-py3.13/lib/python3.13/site-packages/joblib/parallel.py", line 1914, in _get_sequential_output
    res = func(*args, **kwargs)
  File "/home/s230047/Downloads/VisionForecaster/train_cross_scale.py", line 607, in _run_single_fold
    return train_one_fold(fold_i+1, tr, ca, te, adj_sources, adj_target, sector_labels, chosen_mt, neg_ratio, history_lags, first_lag, calibration, n_estimators, max_depth, learning_rate, subsample, colsample_bytree, save_dir, target_w, source_ws, seed + fold_i, save_plots, shap_max_samples, local_rng, ablation_variants, eval_tail_frac, t_w, gbdt_n_jobs, reg_alpha, tickers_ordered)
  File "/home/s230047/Downloads/VisionForecaster/train_cross_scale.py", line 536, in train_one_fold
    model, spw, curve, best_iter = _fit_gbdt(xt_f, y_train, model_type, n_estimators, max_depth, learning_rate, subsample, colsample_bytree, seed, reg_alpha=reg_alpha, x_eval=xt_t, y_eval=y_tail, gbdt_n_jobs=gbdt_n_jobs)
                                   ~~~~~~~~~^^^^^^^^^^^^^^^^^^^^^^^^^^^^^^^^^^^^^^^^^^^^^^^^^^^^^^^^^^^^^^^^^^^^^^^^^^^^^^^^^^^^^^^^^^^^^^^^^^^^^^^^^^^^^^^^^^^^^^^^^^^^^^^^^^^^^^^^^^^^^^^^^^^^^^^^^^^^^^^^^^^^^^^^^^^^^^^^
  File "/home/s230047/Downloads/VisionForecaster/train_cross_scale.py", line 490, in _fit_gbdt
    if has_eval and evals_result: curve = {"iterations": list(range(1, len(evals_result["valid_0"]["f2"]) + 1)), "f2": evals_result["valid_0"]["f2"], "auc": evals_result["valid_0"]["auc"], "f1": evals_result["valid_0"]["f1"]}
                                                                           ~~~~~~~~~~~~~~~~~~~~~~~^^^^^^
KeyError: 'f2'
